// Jest Snapshot v1, https://goo.gl/fbAQLP

exports[`loading size 1`] = `
<button class="zv-button zv-button--default zv-button--normal zv-button--loading">
  <div class="zv-loading zv-loading--circular zv-button__loading"><span class="zv-loading__spinner zv-loading__spinner--circular" style="color: currentColor; width: 10px; height: 10px;"><svg viewBox="25 25 50 50" class="zv-loading__circular"><circle cx="50" cy="50" r="20" fill="none"></circle></svg></span></div>
</button>
`;
