// Jest Snapshot v1, https://goo.gl/fbAQLP

exports[`renders demo correctly 1`] = `
<div>
  <div>
    <div role="checkbox" tabindex="0" aria-checked="true" class="ca2-checkbox">
      <div class="ca2-checkbox__icon ca2-checkbox__icon--round ca2-checkbox__icon--checked"><i class="ca2-icon ca2-icon-success">
          <!----></i></div><span class="ca2-checkbox__label">复选框</span>
    </div>
  </div>
  <div>
    <div role="checkbox" tabindex="-1" aria-checked="false" class="ca2-checkbox ca2-checkbox--disabled">
      <div class="ca2-checkbox__icon ca2-checkbox__icon--round ca2-checkbox__icon--disabled"><i class="ca2-icon ca2-icon-success">
          <!----></i></div><span class="ca2-checkbox__label ca2-checkbox__label--disabled">
      复选框
    </span>
    </div>
    <div role="checkbox" tabindex="-1" aria-checked="true" class="ca2-checkbox ca2-checkbox--disabled">
      <div class="ca2-checkbox__icon ca2-checkbox__icon--round ca2-checkbox__icon--disabled ca2-checkbox__icon--checked"><i class="ca2-icon ca2-icon-success">
          <!----></i></div><span class="ca2-checkbox__label ca2-checkbox__label--disabled">
      复选框
    </span>
    </div>
  </div>
  <div>
    <div role="checkbox" tabindex="0" aria-checked="true" class="ca2-checkbox">
      <div class="ca2-checkbox__icon ca2-checkbox__icon--square ca2-checkbox__icon--checked"><i class="ca2-icon ca2-icon-success">
          <!----></i></div><span class="ca2-checkbox__label">
      自定义颜色
    </span>
    </div>
  </div>
  <div>
    <div role="checkbox" tabindex="0" aria-checked="true" class="ca2-checkbox">
      <div class="ca2-checkbox__icon ca2-checkbox__icon--round ca2-checkbox__icon--checked"><i class="ca2-icon ca2-icon-success" style="border-color: #07c160; background-color: rgb(7, 193, 96);">
          <!----></i></div><span class="ca2-checkbox__label">
      自定义颜色
    </span>
    </div>
  </div>
  <div>
    <div role="checkbox" tabindex="0" aria-checked="true" class="ca2-checkbox">
      <div class="ca2-checkbox__icon ca2-checkbox__icon--round ca2-checkbox__icon--checked" style="font-size: 24px;"><i class="ca2-icon ca2-icon-success">
          <!----></i></div><span class="ca2-checkbox__label">
      自定义大小
    </span>
    </div>
  </div>
  <div>
    <div role="checkbox" tabindex="0" aria-checked="true" class="ca2-checkbox">
      <div class="ca2-checkbox__icon ca2-checkbox__icon--round ca2-checkbox__icon--checked"><img src="https://img.yzcdn.cn/vant/user-active.png"></div><span class="ca2-checkbox__label">
      自定义图标
      </span>
    </div>
  </div>
  <div>
    <div role="checkbox" tabindex="0" aria-checked="true" class="ca2-checkbox ca2-checkbox--label-disabled">
      <div class="ca2-checkbox__icon ca2-checkbox__icon--round ca2-checkbox__icon--checked"><i class="ca2-icon ca2-icon-success">
          <!----></i></div><span class="ca2-checkbox__label">
      复选框
    </span>
    </div>
  </div>
  <div>
    <div class="ca2-checkbox-group">
      <div role="checkbox" tabindex="0" aria-checked="true" class="ca2-checkbox">
        <div class="ca2-checkbox__icon ca2-checkbox__icon--round ca2-checkbox__icon--checked"><i class="ca2-icon ca2-icon-success">
            <!----></i></div><span class="ca2-checkbox__label">复选框 a</span>
      </div>
      <div role="checkbox" tabindex="0" aria-checked="true" class="ca2-checkbox">
        <div class="ca2-checkbox__icon ca2-checkbox__icon--round ca2-checkbox__icon--checked"><i class="ca2-icon ca2-icon-success">
            <!----></i></div><span class="ca2-checkbox__label">复选框 b</span>
      </div>
    </div>
  </div>
  <div>
    <div class="ca2-checkbox-group ca2-checkbox-group--horizontal">
      <div role="checkbox" tabindex="0" aria-checked="false" class="ca2-checkbox ca2-checkbox--horizontal">
        <div class="ca2-checkbox__icon ca2-checkbox__icon--round"><i class="ca2-icon ca2-icon-success">
            <!----></i></div><span class="ca2-checkbox__label">复选框 a</span>
      </div>
      <div role="checkbox" tabindex="0" aria-checked="false" class="ca2-checkbox ca2-checkbox--horizontal">
        <div class="ca2-checkbox__icon ca2-checkbox__icon--round"><i class="ca2-icon ca2-icon-success">
            <!----></i></div><span class="ca2-checkbox__label">复选框 b</span>
      </div>
    </div>
  </div>
  <div>
    <div class="ca2-checkbox-group">
      <div role="checkbox" tabindex="0" aria-checked="false" class="ca2-checkbox">
        <div class="ca2-checkbox__icon ca2-checkbox__icon--round"><i class="ca2-icon ca2-icon-success">
            <!----></i></div><span class="ca2-checkbox__label">复选框 a</span>
      </div>
      <div role="checkbox" tabindex="0" aria-checked="false" class="ca2-checkbox">
        <div class="ca2-checkbox__icon ca2-checkbox__icon--round"><i class="ca2-icon ca2-icon-success">
            <!----></i></div><span class="ca2-checkbox__label">复选框 b</span>
      </div>
      <div role="checkbox" tabindex="0" aria-checked="false" class="ca2-checkbox">
        <div class="ca2-checkbox__icon ca2-checkbox__icon--round"><i class="ca2-icon ca2-icon-success">
            <!----></i></div><span class="ca2-checkbox__label">复选框 c</span>
      </div>
    </div>
  </div>
  <div>
    <div class="ca2-checkbox-group">
      <div role="checkbox" tabindex="0" aria-checked="false" class="ca2-checkbox">
        <div class="ca2-checkbox__icon ca2-checkbox__icon--round"><i class="ca2-icon ca2-icon-success">
            <!----></i></div><span class="ca2-checkbox__label">复选框 a</span>
      </div>
      <div role="checkbox" tabindex="0" aria-checked="false" class="ca2-checkbox">
        <div class="ca2-checkbox__icon ca2-checkbox__icon--round"><i class="ca2-icon ca2-icon-success">
            <!----></i></div><span class="ca2-checkbox__label">复选框 b</span>
      </div>
      <div role="checkbox" tabindex="0" aria-checked="false" class="ca2-checkbox">
        <div class="ca2-checkbox__icon ca2-checkbox__icon--round"><i class="ca2-icon ca2-icon-success">
            <!----></i></div><span class="ca2-checkbox__label">复选框 c</span>
      </div>
    </div>
    <div class="demo-checkbox-buttons"><button class="ca2-button ca2-button--primary ca2-button--normal"><span class="ca2-button__text">
        全选
      </span></button> <button class="ca2-button ca2-button--info ca2-button--normal"><span class="ca2-button__text">
        反选
      </span></button></div>
  </div>
  <div>
    <div class="ca2-checkbox-group">
      <div class="ca2-cell-group ca2-hairline--top-bottom">
        <div role="button" tabindex="0" class="ca2-cell ca2-cell--clickable">
          <div class="ca2-cell__title"><span>复选框 a</span></div>
          <div role="checkbox" tabindex="0" aria-checked="false" class="ca2-checkbox">
            <div class="ca2-checkbox__icon ca2-checkbox__icon--round"><i class="ca2-icon ca2-icon-success">
                <!----></i></div>
          </div>
        </div>
        <div role="button" tabindex="0" class="ca2-cell ca2-cell--clickable">
          <div class="ca2-cell__title"><span>复选框 b</span></div>
          <div role="checkbox" tabindex="0" aria-checked="false" class="ca2-checkbox">
            <div class="ca2-checkbox__icon ca2-checkbox__icon--round"><i class="ca2-icon ca2-icon-success">
                <!----></i></div>
          </div>
        </div>
      </div>
    </div>
  </div>
</div>
`;
