// Jest Snapshot v1, https://goo.gl/fbAQLP

exports[`renders demo correctly 1`] = `
<div>
  <div class="ca2-tabs ca2-tabs--line">
    <div class="ca2-tabs__wrap ca2-hairline--top-bottom">
      <div role="tablist" class="ca2-tabs__nav ca2-tabs__nav--line" style="border-color: #1989fa;">
        <div role="tab" aria-selected="true" class="ca2-tab ca2-tab--active ca2-ellipsis"><span class="ca2-tab__text">基础用法<!----></span></div>
        <div role="tab" class="ca2-tab ca2-ellipsis"><span class="ca2-tab__text">自定义索引列表<!----></span></div>
        <div class="ca2-tabs__line" style="background-color: rgb(25, 137, 250); width: 0px; transform: translateX(0px) translateX(-50%);"></div>
      </div>
    </div>
    <div class="ca2-tabs__content">
      <div role="tabpanel" class="ca2-tab__pane" style="">
        <div class="ca2-index-bar">
          <div class="ca2-index-bar__sidebar"><span data-index="A" class="ca2-index-bar__index">A</span><span data-index="B" class="ca2-index-bar__index">B</span><span data-index="C" class="ca2-index-bar__index">C</span><span data-index="D" class="ca2-index-bar__index">D</span><span data-index="E" class="ca2-index-bar__index">E</span><span data-index="F" class="ca2-index-bar__index">F</span><span data-index="G" class="ca2-index-bar__index">G</span><span data-index="H" class="ca2-index-bar__index">H</span><span data-index="I" class="ca2-index-bar__index">I</span><span data-index="J" class="ca2-index-bar__index">J</span><span data-index="K" class="ca2-index-bar__index">K</span><span data-index="L" class="ca2-index-bar__index">L</span><span data-index="M" class="ca2-index-bar__index">M</span><span data-index="N" class="ca2-index-bar__index">N</span><span data-index="O" class="ca2-index-bar__index">O</span><span data-index="P" class="ca2-index-bar__index">P</span><span data-index="Q" class="ca2-index-bar__index">Q</span><span data-index="R" class="ca2-index-bar__index">R</span><span data-index="S" class="ca2-index-bar__index">S</span><span data-index="T" class="ca2-index-bar__index">T</span><span data-index="U" class="ca2-index-bar__index">U</span><span data-index="V" class="ca2-index-bar__index">V</span><span data-index="W" class="ca2-index-bar__index">W</span><span data-index="X" class="ca2-index-bar__index">X</span><span data-index="Y" class="ca2-index-bar__index">Y</span><span data-index="Z" class="ca2-index-bar__index">Z</span></div>
          <div>
            <div>
              <div class="ca2-index-anchor">A</div>
            </div>
            <div class="ca2-cell">
              <div class="ca2-cell__title"><span>文本</span></div>
            </div>
            <div class="ca2-cell">
              <div class="ca2-cell__title"><span>文本</span></div>
            </div>
            <div class="ca2-cell">
              <div class="ca2-cell__title"><span>文本</span></div>
            </div>
          </div>
          <div>
            <div>
              <div class="ca2-index-anchor">B</div>
            </div>
            <div class="ca2-cell">
              <div class="ca2-cell__title"><span>文本</span></div>
            </div>
            <div class="ca2-cell">
              <div class="ca2-cell__title"><span>文本</span></div>
            </div>
            <div class="ca2-cell">
              <div class="ca2-cell__title"><span>文本</span></div>
            </div>
          </div>
          <div>
            <div>
              <div class="ca2-index-anchor">C</div>
            </div>
            <div class="ca2-cell">
              <div class="ca2-cell__title"><span>文本</span></div>
            </div>
            <div class="ca2-cell">
              <div class="ca2-cell__title"><span>文本</span></div>
            </div>
            <div class="ca2-cell">
              <div class="ca2-cell__title"><span>文本</span></div>
            </div>
          </div>
          <div>
            <div>
              <div class="ca2-index-anchor">D</div>
            </div>
            <div class="ca2-cell">
              <div class="ca2-cell__title"><span>文本</span></div>
            </div>
            <div class="ca2-cell">
              <div class="ca2-cell__title"><span>文本</span></div>
            </div>
            <div class="ca2-cell">
              <div class="ca2-cell__title"><span>文本</span></div>
            </div>
          </div>
          <div>
            <div>
              <div class="ca2-index-anchor">E</div>
            </div>
            <div class="ca2-cell">
              <div class="ca2-cell__title"><span>文本</span></div>
            </div>
            <div class="ca2-cell">
              <div class="ca2-cell__title"><span>文本</span></div>
            </div>
            <div class="ca2-cell">
              <div class="ca2-cell__title"><span>文本</span></div>
            </div>
          </div>
          <div>
            <div>
              <div class="ca2-index-anchor">F</div>
            </div>
            <div class="ca2-cell">
              <div class="ca2-cell__title"><span>文本</span></div>
            </div>
            <div class="ca2-cell">
              <div class="ca2-cell__title"><span>文本</span></div>
            </div>
            <div class="ca2-cell">
              <div class="ca2-cell__title"><span>文本</span></div>
            </div>
          </div>
          <div>
            <div>
              <div class="ca2-index-anchor">G</div>
            </div>
            <div class="ca2-cell">
              <div class="ca2-cell__title"><span>文本</span></div>
            </div>
            <div class="ca2-cell">
              <div class="ca2-cell__title"><span>文本</span></div>
            </div>
            <div class="ca2-cell">
              <div class="ca2-cell__title"><span>文本</span></div>
            </div>
          </div>
          <div>
            <div>
              <div class="ca2-index-anchor">H</div>
            </div>
            <div class="ca2-cell">
              <div class="ca2-cell__title"><span>文本</span></div>
            </div>
            <div class="ca2-cell">
              <div class="ca2-cell__title"><span>文本</span></div>
            </div>
            <div class="ca2-cell">
              <div class="ca2-cell__title"><span>文本</span></div>
            </div>
          </div>
          <div>
            <div>
              <div class="ca2-index-anchor">I</div>
            </div>
            <div class="ca2-cell">
              <div class="ca2-cell__title"><span>文本</span></div>
            </div>
            <div class="ca2-cell">
              <div class="ca2-cell__title"><span>文本</span></div>
            </div>
            <div class="ca2-cell">
              <div class="ca2-cell__title"><span>文本</span></div>
            </div>
          </div>
          <div>
            <div>
              <div class="ca2-index-anchor">J</div>
            </div>
            <div class="ca2-cell">
              <div class="ca2-cell__title"><span>文本</span></div>
            </div>
            <div class="ca2-cell">
              <div class="ca2-cell__title"><span>文本</span></div>
            </div>
            <div class="ca2-cell">
              <div class="ca2-cell__title"><span>文本</span></div>
            </div>
          </div>
          <div>
            <div>
              <div class="ca2-index-anchor">K</div>
            </div>
            <div class="ca2-cell">
              <div class="ca2-cell__title"><span>文本</span></div>
            </div>
            <div class="ca2-cell">
              <div class="ca2-cell__title"><span>文本</span></div>
            </div>
            <div class="ca2-cell">
              <div class="ca2-cell__title"><span>文本</span></div>
            </div>
          </div>
          <div>
            <div>
              <div class="ca2-index-anchor">L</div>
            </div>
            <div class="ca2-cell">
              <div class="ca2-cell__title"><span>文本</span></div>
            </div>
            <div class="ca2-cell">
              <div class="ca2-cell__title"><span>文本</span></div>
            </div>
            <div class="ca2-cell">
              <div class="ca2-cell__title"><span>文本</span></div>
            </div>
          </div>
          <div>
            <div>
              <div class="ca2-index-anchor">M</div>
            </div>
            <div class="ca2-cell">
              <div class="ca2-cell__title"><span>文本</span></div>
            </div>
            <div class="ca2-cell">
              <div class="ca2-cell__title"><span>文本</span></div>
            </div>
            <div class="ca2-cell">
              <div class="ca2-cell__title"><span>文本</span></div>
            </div>
          </div>
          <div>
            <div>
              <div class="ca2-index-anchor">N</div>
            </div>
            <div class="ca2-cell">
              <div class="ca2-cell__title"><span>文本</span></div>
            </div>
            <div class="ca2-cell">
              <div class="ca2-cell__title"><span>文本</span></div>
            </div>
            <div class="ca2-cell">
              <div class="ca2-cell__title"><span>文本</span></div>
            </div>
          </div>
          <div>
            <div>
              <div class="ca2-index-anchor">O</div>
            </div>
            <div class="ca2-cell">
              <div class="ca2-cell__title"><span>文本</span></div>
            </div>
            <div class="ca2-cell">
              <div class="ca2-cell__title"><span>文本</span></div>
            </div>
            <div class="ca2-cell">
              <div class="ca2-cell__title"><span>文本</span></div>
            </div>
          </div>
          <div>
            <div>
              <div class="ca2-index-anchor">P</div>
            </div>
            <div class="ca2-cell">
              <div class="ca2-cell__title"><span>文本</span></div>
            </div>
            <div class="ca2-cell">
              <div class="ca2-cell__title"><span>文本</span></div>
            </div>
            <div class="ca2-cell">
              <div class="ca2-cell__title"><span>文本</span></div>
            </div>
          </div>
          <div>
            <div>
              <div class="ca2-index-anchor">Q</div>
            </div>
            <div class="ca2-cell">
              <div class="ca2-cell__title"><span>文本</span></div>
            </div>
            <div class="ca2-cell">
              <div class="ca2-cell__title"><span>文本</span></div>
            </div>
            <div class="ca2-cell">
              <div class="ca2-cell__title"><span>文本</span></div>
            </div>
          </div>
          <div>
            <div>
              <div class="ca2-index-anchor">R</div>
            </div>
            <div class="ca2-cell">
              <div class="ca2-cell__title"><span>文本</span></div>
            </div>
            <div class="ca2-cell">
              <div class="ca2-cell__title"><span>文本</span></div>
            </div>
            <div class="ca2-cell">
              <div class="ca2-cell__title"><span>文本</span></div>
            </div>
          </div>
          <div>
            <div>
              <div class="ca2-index-anchor">S</div>
            </div>
            <div class="ca2-cell">
              <div class="ca2-cell__title"><span>文本</span></div>
            </div>
            <div class="ca2-cell">
              <div class="ca2-cell__title"><span>文本</span></div>
            </div>
            <div class="ca2-cell">
              <div class="ca2-cell__title"><span>文本</span></div>
            </div>
          </div>
          <div>
            <div>
              <div class="ca2-index-anchor">T</div>
            </div>
            <div class="ca2-cell">
              <div class="ca2-cell__title"><span>文本</span></div>
            </div>
            <div class="ca2-cell">
              <div class="ca2-cell__title"><span>文本</span></div>
            </div>
            <div class="ca2-cell">
              <div class="ca2-cell__title"><span>文本</span></div>
            </div>
          </div>
          <div>
            <div>
              <div class="ca2-index-anchor">U</div>
            </div>
            <div class="ca2-cell">
              <div class="ca2-cell__title"><span>文本</span></div>
            </div>
            <div class="ca2-cell">
              <div class="ca2-cell__title"><span>文本</span></div>
            </div>
            <div class="ca2-cell">
              <div class="ca2-cell__title"><span>文本</span></div>
            </div>
          </div>
          <div>
            <div>
              <div class="ca2-index-anchor">V</div>
            </div>
            <div class="ca2-cell">
              <div class="ca2-cell__title"><span>文本</span></div>
            </div>
            <div class="ca2-cell">
              <div class="ca2-cell__title"><span>文本</span></div>
            </div>
            <div class="ca2-cell">
              <div class="ca2-cell__title"><span>文本</span></div>
            </div>
          </div>
          <div>
            <div>
              <div class="ca2-index-anchor">W</div>
            </div>
            <div class="ca2-cell">
              <div class="ca2-cell__title"><span>文本</span></div>
            </div>
            <div class="ca2-cell">
              <div class="ca2-cell__title"><span>文本</span></div>
            </div>
            <div class="ca2-cell">
              <div class="ca2-cell__title"><span>文本</span></div>
            </div>
          </div>
          <div>
            <div>
              <div class="ca2-index-anchor">X</div>
            </div>
            <div class="ca2-cell">
              <div class="ca2-cell__title"><span>文本</span></div>
            </div>
            <div class="ca2-cell">
              <div class="ca2-cell__title"><span>文本</span></div>
            </div>
            <div class="ca2-cell">
              <div class="ca2-cell__title"><span>文本</span></div>
            </div>
          </div>
          <div>
            <div>
              <div class="ca2-index-anchor">Y</div>
            </div>
            <div class="ca2-cell">
              <div class="ca2-cell__title"><span>文本</span></div>
            </div>
            <div class="ca2-cell">
              <div class="ca2-cell__title"><span>文本</span></div>
            </div>
            <div class="ca2-cell">
              <div class="ca2-cell__title"><span>文本</span></div>
            </div>
          </div>
          <div>
            <div>
              <div class="ca2-index-anchor">Z</div>
            </div>
            <div class="ca2-cell">
              <div class="ca2-cell__title"><span>文本</span></div>
            </div>
            <div class="ca2-cell">
              <div class="ca2-cell__title"><span>文本</span></div>
            </div>
            <div class="ca2-cell">
              <div class="ca2-cell__title"><span>文本</span></div>
            </div>
          </div>
        </div>
      </div>
      <div role="tabpanel" class="ca2-tab__pane" style="display: none;">
        <!---->
      </div>
    </div>
  </div>
</div>
`;
