// Jest Snapshot v1, https://goo.gl/fbAQLP

exports[`renders demo correctly 1`] = `
<div>
  <div>
    <div role="alert" class="zv-notice-bar"><i class="zv-icon zv-icon-volume-o zv-notice-bar__left-icon">
        <!----></i>
      <div role="marquee" class="zv-notice-bar__wrap">
        <div class="zv-notice-bar__content" style="padding-left: 0px; animation-delay: 1s; animation-duration: 0s;">足协杯战线连续第2年上演广州德比战，上赛季半决赛上恒大以两回合5-3的总比分淘汰富力。</div>
      </div>
    </div>
  </div>
  <div>
    <div role="alert" class="zv-notice-bar">
      <div role="marquee" class="zv-notice-bar__wrap">
        <div class="zv-notice-bar__content zv-ellipsis" style="padding-left: 0px; animation-delay: 1s; animation-duration: 0s;">足协杯战线连续第2年上演广州德比战，上赛季半决赛上恒大以两回合5-3的总比分淘汰富力。</div>
      </div>
    </div>
  </div>
  <div>
    <div role="alert" class="zv-notice-bar zv-notice-bar--wrapable">
      <div role="marquee" class="zv-notice-bar__wrap">
        <div class="zv-notice-bar__content" style="padding-left: 0px; animation-delay: 1s; animation-duration: 0s;">足协杯战线连续第2年上演广州德比战，上赛季半决赛上恒大以两回合5-3的总比分淘汰富力。</div>
      </div>
    </div>
  </div>
  <div>
    <div role="alert" class="zv-notice-bar">
      <div role="marquee" class="zv-notice-bar__wrap">
        <div class="zv-notice-bar__content" style="padding-left: 0px; animation-delay: 1s; animation-duration: 0s;">足协杯战线连续第2年上演广州德比战，上赛季半决赛上恒大以两回合5-3的总比分淘汰富力。</div>
      </div><i class="zv-icon zv-icon-cross zv-notice-bar__right-icon">
        <!----></i>
    </div>
    <div role="alert" class="zv-notice-bar">
      <div role="marquee" class="zv-notice-bar__wrap">
        <div class="zv-notice-bar__content" style="padding-left: 0px; animation-delay: 1s; animation-duration: 0s;">足协杯战线连续第2年上演广州德比战，上赛季半决赛上恒大以两回合5-3的总比分淘汰富力。</div>
      </div><i class="zv-icon zv-icon-arrow zv-notice-bar__right-icon">
        <!----></i>
    </div>
  </div>
  <div>
    <div role="alert" class="zv-notice-bar" style="color: rgb(25, 137, 250); background: rgb(236, 249, 255);"><i class="zv-icon zv-icon-info-o zv-notice-bar__left-icon">
        <!----></i>
      <div role="marquee" class="zv-notice-bar__wrap">
        <div class="zv-notice-bar__content" style="padding-left: 0px; animation-delay: 1s; animation-duration: 0s;">足协杯战线连续第2年上演广州德比战，上赛季半决赛上恒大以两回合5-3的总比分淘汰富力。</div>
      </div>
    </div>
  </div>
</div>
`;
