// Jest Snapshot v1, https://goo.gl/fbAQLP

exports[`renders demo correctly 1`] = `
<div>
  <div>
    <div class="zv-collapse zv-hairline--top-bottom">
      <div class="zv-collapse-item">
        <div role="button" tabindex="0" aria-expanded="true" class="zv-cell zv-cell--clickable zv-collapse-item__title zv-collapse-item__title--expanded">
          <div class="zv-cell__title"><span>标题1</span></div><i class="zv-icon zv-icon-arrow zv-cell__right-icon">
            <!----></i>
        </div>
        <div class="zv-collapse-item__wrapper">
          <div class="zv-collapse-item__content">
            代码是写出来给人看的，附带能在机器上运行
          </div>
        </div>
      </div>
      <div class="zv-collapse-item zv-hairline--top">
        <div role="button" tabindex="0" aria-expanded="false" class="zv-cell zv-cell--clickable zv-collapse-item__title">
          <div class="zv-cell__title"><span>标题2</span></div><i class="zv-icon zv-icon-arrow zv-cell__right-icon">
            <!----></i>
        </div>
      </div>
      <div class="zv-collapse-item zv-hairline--top">
        <div role="button" tabindex="-1" aria-expanded="false" class="zv-cell zv-cell--clickable zv-collapse-item__title zv-collapse-item__title--disabled">
          <div class="zv-cell__title"><span>标题3</span></div><i class="zv-icon zv-icon-arrow zv-cell__right-icon">
            <!----></i>
        </div>
      </div>
    </div>
  </div>
  <div>
    <div class="zv-collapse zv-hairline--top-bottom">
      <div class="zv-collapse-item">
        <div role="button" tabindex="0" aria-expanded="true" class="zv-cell zv-cell--clickable zv-collapse-item__title zv-collapse-item__title--expanded">
          <div class="zv-cell__title"><span>标题1</span></div><i class="zv-icon zv-icon-arrow zv-cell__right-icon">
            <!----></i>
        </div>
        <div class="zv-collapse-item__wrapper">
          <div class="zv-collapse-item__content">
            代码是写出来给人看的，附带能在机器上运行
          </div>
        </div>
      </div>
      <div class="zv-collapse-item zv-hairline--top">
        <div role="button" tabindex="0" aria-expanded="false" class="zv-cell zv-cell--clickable zv-collapse-item__title">
          <div class="zv-cell__title"><span>标题2</span></div><i class="zv-icon zv-icon-arrow zv-cell__right-icon">
            <!----></i>
        </div>
      </div>
      <div class="zv-collapse-item zv-hairline--top">
        <div role="button" tabindex="0" aria-expanded="false" class="zv-cell zv-cell--clickable zv-collapse-item__title">
          <div class="zv-cell__title"><span>标题3</span></div><i class="zv-icon zv-icon-arrow zv-cell__right-icon">
            <!----></i>
        </div>
      </div>
    </div>
  </div>
  <div>
    <div class="zv-collapse zv-hairline--top-bottom">
      <div class="zv-collapse-item">
        <div role="button" tabindex="0" aria-expanded="false" class="zv-cell zv-cell--clickable zv-collapse-item__title">
          <div class="zv-cell__title">
            标题1<i class="zv-icon zv-icon-question-o">
              <!----></i></div><i class="zv-icon zv-icon-arrow zv-cell__right-icon">
            <!----></i>
        </div>
      </div>
      <div class="zv-collapse-item zv-hairline--top">
        <div role="button" tabindex="0" aria-expanded="false" class="zv-cell zv-cell--clickable zv-collapse-item__title"><i class="zv-icon zv-icon-shop-o zv-cell__left-icon">
            <!----></i>
          <div class="zv-cell__title"><span>标题2</span></div>
          <div class="zv-cell__value"><span>内容</span></div><i class="zv-icon zv-icon-arrow zv-cell__right-icon">
            <!----></i>
        </div>
      </div>
    </div>
  </div>
</div>
`;
