// Jest Snapshot v1, https://goo.gl/fbAQLP

exports[`renders demo correctly 1`] = `
<div>
  <div class="zv-tabs zv-tabs--line">
    <div class="zv-tabs__wrap zv-hairline--top-bottom">
      <div role="tablist" class="zv-tabs__nav zv-tabs__nav--line">
        <div role="tab" aria-selected="true" class="zv-tab zv-tab--active zv-ellipsis"><span class="zv-tab__text">基础用法<!----></span></div>
        <div role="tab" class="zv-tab zv-ellipsis"><span class="zv-tab__text">错误提示<!----></span></div>
        <div role="tab" class="zv-tab zv-ellipsis"><span class="zv-tab__text">下拉刷新<!----></span></div>
        <div class="zv-tabs__line" style="width: 0px; transform: translateX(0px) translateX(-50%);"></div>
      </div>
    </div>
    <div class="zv-tabs__content">
      <div role="tabpanel" class="zv-tab__pane" style="">
        <div role="feed" class="zv-list" aria-busy="true">
          <div class="zv-list__loading">
            <div class="zv-loading zv-loading--circular"><span class="zv-loading__spinner zv-loading__spinner--circular" style="width: 16px; height: 16px;"><svg viewBox="25 25 50 50" class="zv-loading__circular"><circle cx="50" cy="50" r="20" fill="none"></circle></svg></span><span class="zv-loading__text">加载中...</span></div>
          </div>
          <div class="zv-list__placeholder"></div>
        </div>
      </div>
      <div role="tabpanel" class="zv-tab__pane" style="display: none;">
        <!---->
      </div>
      <div role="tabpanel" class="zv-tab__pane" style="display: none;">
        <!---->
      </div>
    </div>
  </div>
</div>
`;
