// Jest Snapshot v1, https://goo.gl/fbAQLP

exports[`renders demo correctly 1`] = `
<div>
  <div>
    <div class="zv-row">
      <div class="zv-image" style="width: 100px; height: 100px;"><img src="https://img.yzcdn.cn/vant/cat.jpeg" class="zv-image__img">
        <div class="zv-image__loading"><i class="zv-icon zv-icon-photo-o zv-image__loading-icon">
            <!----></i></div>
      </div>
    </div>
  </div>
  <div>
    <div class="zv-row" style="margin-left: -10px; margin-right: -10px;">
      <div class="zv-col zv-col--8" style="padding-left: 10px; padding-right: 10px;">
        <div class="zv-image" style="width: 100%; height: 27vw;"><img src="https://img.yzcdn.cn/vant/cat.jpeg" class="zv-image__img" style="object-fit: contain;">
          <div class="zv-image__loading"><i class="zv-icon zv-icon-photo-o zv-image__loading-icon">
              <!----></i></div>
        </div>
        <div class="text">contain</div>
      </div>
      <div class="zv-col zv-col--8" style="padding-left: 10px; padding-right: 10px;">
        <div class="zv-image" style="width: 100%; height: 27vw;"><img src="https://img.yzcdn.cn/vant/cat.jpeg" class="zv-image__img" style="object-fit: cover;">
          <div class="zv-image__loading"><i class="zv-icon zv-icon-photo-o zv-image__loading-icon">
              <!----></i></div>
        </div>
        <div class="text">cover</div>
      </div>
      <div class="zv-col zv-col--8" style="padding-left: 10px; padding-right: 10px;">
        <div class="zv-image" style="width: 100%; height: 27vw;"><img src="https://img.yzcdn.cn/vant/cat.jpeg" class="zv-image__img" style="object-fit: fill;">
          <div class="zv-image__loading"><i class="zv-icon zv-icon-photo-o zv-image__loading-icon">
              <!----></i></div>
        </div>
        <div class="text">fill</div>
      </div>
      <div class="zv-col zv-col--8" style="padding-left: 10px; padding-right: 10px;">
        <div class="zv-image" style="width: 100%; height: 27vw;"><img src="https://img.yzcdn.cn/vant/cat.jpeg" class="zv-image__img" style="object-fit: none;">
          <div class="zv-image__loading"><i class="zv-icon zv-icon-photo-o zv-image__loading-icon">
              <!----></i></div>
        </div>
        <div class="text">none</div>
      </div>
      <div class="zv-col zv-col--8" style="padding-left: 10px; padding-right: 10px;">
        <div class="zv-image" style="width: 100%; height: 27vw;"><img src="https://img.yzcdn.cn/vant/cat.jpeg" class="zv-image__img" style="object-fit: scale-down;">
          <div class="zv-image__loading"><i class="zv-icon zv-icon-photo-o zv-image__loading-icon">
              <!----></i></div>
        </div>
        <div class="text">scale-down</div>
      </div>
    </div>
  </div>
  <div>
    <div class="zv-row" style="margin-left: -10px; margin-right: -10px;">
      <div class="zv-col zv-col--8" style="padding-left: 10px; padding-right: 10px;">
        <div class="zv-image zv-image--round" style="width: 100%; height: 27vw;"><img src="https://img.yzcdn.cn/vant/cat.jpeg" class="zv-image__img" style="object-fit: contain;">
          <div class="zv-image__loading"><i class="zv-icon zv-icon-photo-o zv-image__loading-icon">
              <!----></i></div>
        </div>
        <div class="text">contain</div>
      </div>
      <div class="zv-col zv-col--8" style="padding-left: 10px; padding-right: 10px;">
        <div class="zv-image zv-image--round" style="width: 100%; height: 27vw;"><img src="https://img.yzcdn.cn/vant/cat.jpeg" class="zv-image__img" style="object-fit: cover;">
          <div class="zv-image__loading"><i class="zv-icon zv-icon-photo-o zv-image__loading-icon">
              <!----></i></div>
        </div>
        <div class="text">cover</div>
      </div>
      <div class="zv-col zv-col--8" style="padding-left: 10px; padding-right: 10px;">
        <div class="zv-image zv-image--round" style="width: 100%; height: 27vw;"><img src="https://img.yzcdn.cn/vant/cat.jpeg" class="zv-image__img" style="object-fit: fill;">
          <div class="zv-image__loading"><i class="zv-icon zv-icon-photo-o zv-image__loading-icon">
              <!----></i></div>
        </div>
        <div class="text">fill</div>
      </div>
      <div class="zv-col zv-col--8" style="padding-left: 10px; padding-right: 10px;">
        <div class="zv-image zv-image--round" style="width: 100%; height: 27vw;"><img src="https://img.yzcdn.cn/vant/cat.jpeg" class="zv-image__img" style="object-fit: none;">
          <div class="zv-image__loading"><i class="zv-icon zv-icon-photo-o zv-image__loading-icon">
              <!----></i></div>
        </div>
        <div class="text">none</div>
      </div>
      <div class="zv-col zv-col--8" style="padding-left: 10px; padding-right: 10px;">
        <div class="zv-image zv-image--round" style="width: 100%; height: 27vw;"><img src="https://img.yzcdn.cn/vant/cat.jpeg" class="zv-image__img" style="object-fit: scale-down;">
          <div class="zv-image__loading"><i class="zv-icon zv-icon-photo-o zv-image__loading-icon">
              <!----></i></div>
        </div>
        <div class="text">scale-down</div>
      </div>
    </div>
  </div>
  <div>
    <div class="zv-row" style="margin-left: -10px; margin-right: -10px;">
      <div class="zv-col zv-col--8" style="padding-left: 10px; padding-right: 10px;">
        <div class="zv-image" style="width: 100%; height: 27vw;"><img class="zv-image__img">
          <div class="zv-image__loading"><i class="zv-icon zv-icon-photo-o zv-image__loading-icon">
              <!----></i></div>
        </div>
        <div class="text">默认提示</div>
      </div>
      <div class="zv-col zv-col--8" style="padding-left: 10px; padding-right: 10px;">
        <div class="zv-image" style="width: 100%; height: 27vw;"><img class="zv-image__img">
          <div class="zv-image__loading">
            <div class="zv-loading zv-loading--spinner"><span class="zv-loading__spinner zv-loading__spinner--spinner" style="width: 20px; height: 20px;"><i></i><i></i><i></i><i></i><i></i><i></i><i></i><i></i><i></i><i></i><i></i><i></i></span></div>
          </div>
        </div>
        <div class="text">自定义提示</div>
      </div>
    </div>
  </div>
  <div>
    <div class="zv-row" style="margin-left: -10px; margin-right: -10px;">
      <div class="zv-col zv-col--8" style="padding-left: 10px; padding-right: 10px;">
        <div class="zv-image" style="width: 100%; height: 27vw;"><img src="x" class="zv-image__img">
          <div class="zv-image__loading"><i class="zv-icon zv-icon-photo-o zv-image__loading-icon">
              <!----></i></div>
        </div>
        <div class="text">默认提示</div>
      </div>
      <div class="zv-col zv-col--8" style="padding-left: 10px; padding-right: 10px;">
        <div class="zv-image" style="width: 100%; height: 27vw;"><img src="x" class="zv-image__img">
          <div class="zv-image__loading"><i class="zv-icon zv-icon-photo-o zv-image__loading-icon">
              <!----></i></div>
        </div>
        <div class="text">自定义提示</div>
      </div>
    </div>
  </div>
</div>
`;
