// Jest Snapshot v1, https://goo.gl/fbAQLP

exports[`renders demo correctly 1`] = `
<div>
  <div>
    <div>
      <div class="zv-swipe-cell">
        <div class="zv-swipe-cell__wrapper" style="transform: translate3d(0px, 0, 0); transition-duration: .6s;">
          <div class="zv-swipe-cell__left"><button class="zv-button zv-button--primary zv-button--normal zv-button--square"><span class="zv-button__text">选择</span></button></div>
          <div class="zv-cell zv-cell--borderless">
            <div class="zv-cell__title"><span>单元格</span></div>
            <div class="zv-cell__value"><span>内容</span></div>
          </div>
          <div class="zv-swipe-cell__right"><button class="zv-button zv-button--danger zv-button--normal zv-button--square"><span class="zv-button__text">删除</span></button> <button class="zv-button zv-button--primary zv-button--normal zv-button--square"><span class="zv-button__text">收藏</span></button></div>
        </div>
      </div>
    </div>
    <div>
      <div class="zv-swipe-cell">
        <div class="zv-swipe-cell__wrapper" style="transform: translate3d(0px, 0, 0); transition-duration: .6s;">
          <div class="zv-card">
            <div class="zv-card__header"><a class="zv-card__thumb">
                <div class="zv-image" style="width: 100%; height: 100%;"><img src="https://img.yzcdn.cn/vant/ipad.jpeg" class="zv-image__img" style="object-fit: cover;">
                  <div class="zv-image__loading"><i class="zv-icon zv-icon-photo-o zv-image__loading-icon">
                      <!----></i></div>
                </div>
              </a>
              <div class="zv-card__content">
                <div>
                  <div class="zv-card__title zv-multi-ellipsis--l2">商品标题</div>
                  <div class="zv-card__desc zv-ellipsis">描述信息</div>
                </div>
                <div class="zv-card__bottom">
                  <div class="zv-card__price">
                    <div><span class="zv-card__price-currency">¥</span><span class="zv-card__price-integer">2</span>.<span class="zv-card__price-decimal">00</span></div>
                  </div>
                  <div class="zv-card__num">x2</div>
                </div>
              </div>
            </div>
          </div>
          <div class="zv-swipe-cell__right"><button class="delete-button zv-button zv-button--danger zv-button--normal zv-button--square"><span class="zv-button__text">删除</span></button></div>
        </div>
      </div>
    </div>
    <div>
      <div class="zv-swipe-cell">
        <div class="zv-swipe-cell__wrapper" style="transform: translate3d(0px, 0, 0); transition-duration: .6s;">
          <div class="zv-swipe-cell__left"><button class="zv-button zv-button--primary zv-button--normal zv-button--square"><span class="zv-button__text">选择</span></button></div>
          <div class="zv-cell zv-cell--borderless">
            <div class="zv-cell__title"><span>单元格</span></div>
            <div class="zv-cell__value"><span>内容</span></div>
          </div>
          <div class="zv-swipe-cell__right"><button class="zv-button zv-button--danger zv-button--normal zv-button--square"><span class="zv-button__text">删除</span></button></div>
        </div>
      </div>
    </div>
  </div>
</div>
`;
