// Jest Snapshot v1, https://goo.gl/fbAQLP

exports[`renders demo correctly 1`] = `
<div>
  <div>
    <div class="zv-uploader">
      <div class="zv-uploader__wrapper">
        <div class="zv-uploader__upload"><i class="zv-icon zv-icon-photograph zv-uploader__upload-icon">
            <!----></i><input type="file" accept="image/*" class="zv-uploader__input"></div>
      </div>
    </div>
  </div>
  <div>
    <div class="zv-uploader">
      <div class="zv-uploader__wrapper">
        <div class="zv-uploader__preview">
          <div class="zv-image zv-uploader__preview-image"><img src="https://img.yzcdn.cn/vant/leaf.jpg" class="zv-image__img" style="object-fit: cover;">
            <div class="zv-image__loading"><i class="zv-icon zv-icon-photo-o zv-image__loading-icon">
                <!----></i></div>
          </div><i class="zv-icon zv-icon-clear zv-uploader__preview-delete">
            <!----></i>
        </div>
        <div class="zv-uploader__preview">
          <div class="zv-image zv-uploader__preview-image"><img src="https://img.yzcdn.cn/vant/tree.jpg" class="zv-image__img" style="object-fit: cover;">
            <div class="zv-image__loading"><i class="zv-icon zv-icon-photo-o zv-image__loading-icon">
                <!----></i></div>
          </div><i class="zv-icon zv-icon-clear zv-uploader__preview-delete">
            <!----></i>
        </div>
        <div class="zv-uploader__upload"><i class="zv-icon zv-icon-photograph zv-uploader__upload-icon">
            <!----></i><input multiple="multiple" type="file" accept="*" class="zv-uploader__input"></div>
      </div>
    </div>
  </div>
  <div>
    <div class="zv-uploader">
      <div class="zv-uploader__wrapper zv-uploader__wrapper--disabled">
        <div class="zv-uploader__upload"><i class="zv-icon zv-icon-photograph zv-uploader__upload-icon">
            <!----></i><input type="file" accept="image/*" disabled="disabled" class="zv-uploader__input"></div>
      </div>
    </div>
  </div>
  <div>
    <div class="zv-uploader">
      <div class="zv-uploader__wrapper">
        <div class="zv-uploader__preview">
          <div class="zv-image zv-uploader__preview-image"><img src="https://img.yzcdn.cn/vant/leaf.jpg" class="zv-image__img" style="object-fit: cover;">
            <div class="zv-image__loading"><i class="zv-icon zv-icon-photo-o zv-image__loading-icon">
                <!----></i></div>
          </div>
          <div class="zv-uploader__mask">
            <div class="zv-loading zv-loading--circular zv-uploader__loading"><span class="zv-loading__spinner zv-loading__spinner--circular"><svg viewBox="25 25 50 50" class="zv-loading__circular"><circle cx="50" cy="50" r="20" fill="none"></circle></svg></span></div>
            <div class="zv-uploader__mask-message">上传中...</div>
          </div>
        </div>
        <div class="zv-uploader__preview">
          <div class="zv-image zv-uploader__preview-image"><img src="https://img.yzcdn.cn/vant/tree.jpg" class="zv-image__img" style="object-fit: cover;">
            <div class="zv-image__loading"><i class="zv-icon zv-icon-photo-o zv-image__loading-icon">
                <!----></i></div>
          </div>
          <div class="zv-uploader__mask"><i class="zv-icon zv-icon-warning-o zv-uploader__mask-icon">
              <!----></i>
            <div class="zv-uploader__mask-message">上传失败</div>
          </div><i class="zv-icon zv-icon-clear zv-uploader__preview-delete">
            <!----></i>
        </div>
        <div class="zv-uploader__upload"><i class="zv-icon zv-icon-photograph zv-uploader__upload-icon">
            <!----></i><input type="file" accept="image/*" class="zv-uploader__input"></div>
      </div>
    </div>
  </div>
  <div>
    <div class="zv-uploader">
      <div class="zv-uploader__wrapper">
        <div class="zv-uploader__preview">
          <div class="zv-image zv-uploader__preview-image"><img src="https://img.yzcdn.cn/vant/sand.jpg" class="zv-image__img" style="object-fit: cover;">
            <div class="zv-image__loading"><i class="zv-icon zv-icon-photo-o zv-image__loading-icon">
                <!----></i></div>
          </div><i class="zv-icon zv-icon-clear zv-uploader__preview-delete">
            <!----></i>
        </div>
        <div class="zv-uploader__upload"><i class="zv-icon zv-icon-photograph zv-uploader__upload-icon">
            <!----></i><input multiple="multiple" type="file" accept="image/*" class="zv-uploader__input"></div>
      </div>
    </div>
  </div>
  <div>
    <div class="zv-uploader">
      <div class="zv-uploader__wrapper">
        <div class="zv-uploader__input-wrapper"><button class="zv-button zv-button--primary zv-button--normal"><i class="zv-icon zv-icon-photo zv-button__icon">
              <!----></i><span class="zv-button__text">
        上传文件
      </span></button><input type="file" accept="image/*" class="zv-uploader__input"></div>
      </div>
    </div>
  </div>
  <div>
    <div class="zv-uploader">
      <div class="zv-uploader__wrapper">
        <div class="zv-uploader__upload"><i class="zv-icon zv-icon-photograph zv-uploader__upload-icon">
            <!----></i><input type="file" accept="image/*" class="zv-uploader__input"></div>
      </div>
    </div>
  </div>
</div>
`;
