// Jest Snapshot v1, https://goo.gl/fbAQLP

exports[`renders demo correctly 1`] = `
<div>
  <div>
    <div role="switch" aria-checked="true" class="zv-switch zv-switch--on">
      <div class="zv-switch__node"></div>
    </div>
  </div>
  <div>
    <div role="switch" aria-checked="true" class="zv-switch zv-switch--on zv-switch--disabled">
      <div class="zv-switch__node"></div>
    </div>
  </div>
  <div>
    <div role="switch" aria-checked="true" class="zv-switch zv-switch--on zv-switch--loading">
      <div class="zv-switch__node">
        <div class="zv-loading zv-loading--circular zv-switch__loading"><span class="zv-loading__spinner zv-loading__spinner--circular"><svg viewBox="25 25 50 50" class="zv-loading__circular"><circle cx="50" cy="50" r="20" fill="none"></circle></svg></span></div>
      </div>
    </div>
  </div>
  <div>
    <div role="switch" aria-checked="true" class="zv-switch zv-switch--on" style="font-size: 24px;">
      <div class="zv-switch__node"></div>
    </div>
  </div>
  <div>
    <div role="switch" aria-checked="true" class="zv-switch zv-switch--on" style="background-color: rgb(7, 193, 96);">
      <div class="zv-switch__node"></div>
    </div>
  </div>
  <div>
    <div role="switch" aria-checked="true" class="zv-switch zv-switch--on">
      <div class="zv-switch__node"></div>
    </div>
  </div>
  <div>
    <div class="zv-cell zv-cell--center">
      <div class="zv-cell__title"><span>标题</span></div>
      <div role="switch" aria-checked="true" class="zv-switch zv-switch--on" style="font-size: 24px;">
        <div class="zv-switch__node"></div>
      </div>
    </div>
  </div>
</div>
`;
